[INFO] Scanning for projects...
[INFO] ------------------------------------------------------------------------
[INFO] Reactor Build Order:
[INFO] 
[INFO] Kitchome Platform                                                  [pom]
[INFO] kitchome-common                                                    [jar]
[INFO] authentication                                                     [war]
[INFO] 
[INFO] --------------------< com.kitchome:kitchome-parent >--------------------
[INFO] Building Kitchome Platform 0.0.1-SNAPSHOT                          [1/3]
[INFO]   from pom.xml
[INFO] --------------------------------[ pom ]---------------------------------
[INFO] 
[INFO] --- clean:3.4.1:clean (default-clean) @ kitchome-parent ---
[INFO] 
[INFO] --------------------< com.kitchome:kitchome-common >--------------------
[INFO] Building kitchome-common 0.0.1-SNAPSHOT                            [2/3]
[INFO]   from kitchome-common/pom.xml
[INFO] --------------------------------[ jar ]---------------------------------
[INFO] 
[INFO] --- clean:3.4.1:clean (default-clean) @ kitchome-common ---
[INFO] Deleting /Users/saurabhsameer/Complete-custom-auth/kitchome-common/target
[INFO] 
[INFO] --- resources:3.3.1:resources (default-resources) @ kitchome-common ---
[INFO] skip non existing resourceDirectory /Users/saurabhsameer/Complete-custom-auth/kitchome-common/src/main/resources
[INFO] skip non existing resourceDirectory /Users/saurabhsameer/Complete-custom-auth/kitchome-common/src/main/resources
[INFO] 
[INFO] --- compiler:3.13.0:compile (default-compile) @ kitchome-common ---
[INFO] Recompiling the module because of changed source code.
[INFO] Compiling 11 source files with javac [debug parameters release 17] to target/classes
[INFO] /Users/saurabhsameer/Complete-custom-auth/kitchome-common/src/main/java/com/kitchome/common/config/ContextPropagationConfig.java: /Users/saurabhsameer/Complete-custom-auth/kitchome-common/src/main/java/com/kitchome/common/config/ContextPropagationConfig.java uses or overrides a deprecated API.
[INFO] /Users/saurabhsameer/Complete-custom-auth/kitchome-common/src/main/java/com/kitchome/common/config/ContextPropagationConfig.java: Recompile with -Xlint:deprecation for details.
[INFO] 
[INFO] -------------------------< com.kitchome:auth >--------------------------
[INFO] Building authentication 0.0.1-SNAPSHOT                             [3/3]
[INFO]   from auth-service/pom.xml
[INFO] --------------------------------[ war ]---------------------------------
[INFO] 
[INFO] --- clean:3.4.1:clean (default-clean) @ auth ---
[INFO] Deleting /Users/saurabhsameer/Complete-custom-auth/auth-service/target
[INFO] 
[INFO] --- resources:3.3.1:resources (default-resources) @ auth ---
[INFO] Copying 3 resources from src/main/resources to target/classes
[INFO] Copying 10 resources from src/main/resources to target/classes
[INFO] 
[INFO] --- compiler:3.13.0:compile (default-compile) @ auth ---
[INFO] Recompiling the module because of changed dependency.
[INFO] Compiling 75 source files with javac [debug parameters release 17] to target/classes
[INFO] /Users/saurabhsameer/Complete-custom-auth/auth-service/src/main/java/com/kitchome/auth/util/JwtUtil.java: /Users/saurabhsameer/Complete-custom-auth/auth-service/src/main/java/com/kitchome/auth/util/JwtUtil.java uses or overrides a deprecated API.
[INFO] /Users/saurabhsameer/Complete-custom-auth/auth-service/src/main/java/com/kitchome/auth/util/JwtUtil.java: Recompile with -Xlint:deprecation for details.
[INFO] /Users/saurabhsameer/Complete-custom-auth/auth-service/src/main/java/com/kitchome/auth/Exception/GlobalExceptionHandler.java: Some input files use unchecked or unsafe operations.
[INFO] /Users/saurabhsameer/Complete-custom-auth/auth-service/src/main/java/com/kitchome/auth/Exception/GlobalExceptionHandler.java: Recompile with -Xlint:unchecked for details.
[INFO] ------------------------------------------------------------------------
[INFO] Reactor Summary for Kitchome Platform 0.0.1-SNAPSHOT:
[INFO] 
[INFO] Kitchome Platform .................................. SUCCESS [  0.040 s]
[INFO] kitchome-common .................................... SUCCESS [  0.765 s]
[INFO] authentication ..................................... SUCCESS [  1.004 s]
[INFO] ------------------------------------------------------------------------
[INFO] BUILD SUCCESS
[INFO] ------------------------------------------------------------------------
[INFO] Total time:  1.927 s
[INFO] Finished at: 2026-03-18T00:26:03+05:30
[INFO] ------------------------------------------------------------------------
